// Jest Snapshot v1, https://goo.gl/fbAQLP

exports[`AppHeader.vue renders correctly and matches the snapshot 1`] = `
<header
  class="header"
/>
`;
